// Jest Snapshot v1, https://goo.gl/fbAQLP

exports[`recipe-generator generator should generate implementation boilerplate 3`] = `null`;
